Protocolo de chaves shh trabalha com chave pública e chave privada
chave privada equivale a uma senha, usaremos a chave pública no github

(verificar se existe chave ssh na máquina)
ls -al ~/.ssh
"No such file or directory" não há chaves ssh na máquina

(criar chave ssh)
$ ssh-keygen -t ed25519 -C "seu_email@gmail.com"

$ - inicio de um comando
ssh-keygen - pede para gerar
-t - indica um tipo de algoritimo
ed25519 - o algoritimo escolhido
-C - comentário
"  " - espaço para colocar seu e-mail

(startar o ssh agent)
$ eval "$(ssh-agent -s)"  -> startar 

(adicionar chave privada ao ssh agent)
$ ssh-add ~/.ssh/id_ed25519

(adicionar chave pública a conta do github)
-- procurando a pasta do ssh
$ cd ~/.ssh

-- listando as chaves pública e privada
$ ls 

-- exibindo o conteúdo do arquivo da chave
$ cat nome_do_arquivo

-- copiar a chave ssh pública e colar no espaço de ssh do github criando as chaves 


(clonar repositório através do ssh)
$ git clone linkdorepositorioporssh

